// Jest Snapshot v1, https://goo.gl/fbAQLP

exports[` Component should render the NavBar 1`] = `
<nav
  className="navbarbg"
>
  <div
    className="nav-wrapper"
  >
              
    <i
      className="far fa-play-circle"
    />
      
    <a
      className="brand-logo"
      href="#!"
    >
      LearnGround
    </a>
    <a
      className="sidenav-trigger"
      data-target="mobile-demo"
      href="#!"
    >
      <i
        className="material-icons"
      >
        menu
      </i>
    </a>
    <ul
      className="right hide-on-med-and-down"
    >
      <li>
        <a
          href="#!"
        >
          Science
        </a>
      </li>
      <li>
        <a
          href="#!"
        >
          Technology
        </a>
      </li>
      <li>
        <a
          href="#!"
        >
          Engineering
        </a>
      </li>
      <li>
        <a
          href="#!"
        >
          Arts
        </a>
      </li>
      <li>
        <a
          href="#!"
        >
          Mathematics
        </a>
      </li>
      <li>
        <a
          href="#!"
        >
          SignIn
        </a>
      </li>
      <li>
        |
      </li>
      <li>
        <a
          href="#!"
        >
          SignUp
        </a>
      </li>
    </ul>
  </div>
  <ul
    className="sidenav"
    id="mobile-demo"
  >
    <li>
      <a
        href="#!"
      >
        Science
      </a>
    </li>
    <li>
      <a
        href="#!"
      >
        Technology
      </a>
    </li>
    <li>
      <a
        href="#!"
      >
        Engineering
      </a>
    </li>
    <li>
      <a
        href="#!"
      >
        Arts
      </a>
    </li>
    <li>
      <a
        href="#!"
      >
        Mathematics
      </a>
    </li>
    <li>
      <a
        href="#!"
      >
        SignIn
      </a>
    </li>
    <li>
      |
    </li>
    <li>
      <a
        href="#!"
      >
        SignUp
      </a>
    </li>
  </ul>
</nav>
`;
